 
 Welcome to the fascinating world of ATOM
 
 
 before read
 inside read_input

 WARNING: calculation name: HF

 Summary of the input parameters 

  calculation type:   HF
             Natom:   2
         Electrons:   2.0000
            Charge:   0.0000
     Magnetization:   0.0000
         Basis set:   3-21G                                                                                               
 Spin polarization:   1
         SCF steps:  15
            Mixing:   0.8000
 
 
 Element used for Z value:    H
 Element used for the basis:  H
 Basis type: 3-21G

 WARNING: basis file used: H_3-21G
 
 open the basis set file H_3-21G
 
 Element used for Z value:    H
 Element used for the basis:  H
 Basis type: 3-21G

 WARNING: basis file used: H_3-21G
 
 open the basis set file H_3-21G
 Total number of basis functions           4
 
 
 ======  print out a basis function ======
    contraction of N gaussians     2
              orbital momentum     s
                   centered in    -0.700000      0.000000      0.000000
                   coefficient     1      0.156285
                   coefficient     2      0.904691
 
 
 *** output information of a cartesian gaussian function ***
              orbital momentum     s
          momentum composition     0   0   0
                   alpha coeff     5.447178
        center of the function    -0.700000     0.000000     0.000000
 
 
 *** output information of a cartesian gaussian function ***
              orbital momentum     s
          momentum composition     0   0   0
                   alpha coeff     0.824547
        center of the function    -0.700000     0.000000     0.000000
 
 ====== end of basis function ======
 
 
 ======  print out a basis function ======
    contraction of N gaussians     1
              orbital momentum     s
                   centered in    -0.700000      0.000000      0.000000
                   coefficient     1      1.000000
 
 
 *** output information of a cartesian gaussian function ***
              orbital momentum     s
          momentum composition     0   0   0
                   alpha coeff     0.183192
        center of the function    -0.700000     0.000000     0.000000
 
 ====== end of basis function ======
 
 
 ======  print out a basis function ======
    contraction of N gaussians     2
              orbital momentum     s
                   centered in     0.700000      0.000000      0.000000
                   coefficient     1      0.156285
                   coefficient     2      0.904691
 
 
 *** output information of a cartesian gaussian function ***
              orbital momentum     s
          momentum composition     0   0   0
                   alpha coeff     5.447178
        center of the function     0.700000     0.000000     0.000000
 
 
 *** output information of a cartesian gaussian function ***
              orbital momentum     s
          momentum composition     0   0   0
                   alpha coeff     0.824547
        center of the function     0.700000     0.000000     0.000000
 
 ====== end of basis function ======
 
 
 ======  print out a basis function ======
    contraction of N gaussians     1
              orbital momentum     s
                   centered in     0.700000      0.000000      0.000000
                   coefficient     1      1.000000
 
 
 *** output information of a cartesian gaussian function ***
              orbital momentum     s
          momentum composition     0   0   0
                   alpha coeff     0.183192
        center of the function     0.700000     0.000000     0.000000
 
 ====== end of basis function ======
 
 Basis set is ready and fit

 === overlap matrix S ===
   1      1.00000      0.64590      0.40353      0.48019
   2      0.64590      1.00000      0.48019      0.83566
   3      0.40353      0.48019      1.00000      0.64590
   4      0.48019      0.83566      0.64590      1.00000
 
 

 Allocating the ERI array:    0.002 [Mb]
 success

 Calculate and store all the Electron Repulsion Integrals (ERI)
 number of shells           6
 Done.
 

 === occupations ===
   1      2.00000
   2      0.00000
   3      0.00000
   4      0.00000
 

 === 1st density matrix P ===
   1      2.00000      0.00000      0.00000      0.00000
   2      0.00000      0.00000      0.00000      0.00000
   3      0.00000      0.00000      0.00000      0.00000
   4      0.00000      0.00000      0.00000      0.00000
 
 

 === kinetic energy contribution ===
   1      1.54940      0.29315      0.21101      0.17473
   2      0.29315      0.27479      0.17473      0.20215
   3      0.21101      0.17473      1.54940      0.29315
   4      0.17473      0.20215      0.29315      0.27479
 
 

 === nucleus contribution ===
   1     -2.42877     -1.22350     -0.96397     -0.94332
   2     -1.22350     -1.23247     -0.94332     -1.07674
   3     -0.96397     -0.94332     -2.42877     -1.22350
   4     -0.94332     -1.07674     -1.22350     -1.23247
 
 

-------------------------------------------
 *** SCF cycle No:    1


 === Hartree contribution ===
   1      2.28029      1.22281      0.76412      0.89568
   2      1.22281      1.25274      0.68183      0.99637
   3      0.76412      0.68183      1.34974      0.82745
   4      0.89568      0.99637      0.82745      1.04002
 
 

 === Exchange contribution ===
   1     -1.14015     -0.61140     -0.38206     -0.44784
   2     -0.61140     -0.34515     -0.21634     -0.25367
   3     -0.38206     -0.21634     -0.17121     -0.16981
   4     -0.44784     -0.25367     -0.16981     -0.19018
 
 

 === Total Hamiltonian ===
   1      0.26078     -0.31895     -0.37090     -0.32074
   2     -0.31895     -0.05009     -0.30310     -0.13190
   3     -0.37090     -0.30310      0.29917     -0.27272
   4     -0.32074     -0.13190     -0.27272     -0.10784
 
 
 Diagonalization for spin polarization           1

 === Energies ===
   #       [Ha]         [eV]      
   1     -0.27756     -7.55291
   2      0.29270      7.96480
   3      0.96929     26.37563
   4      1.59572     43.42185
 

 === C coefficients ===
   1     -0.32248      0.22549     -0.59307     -1.16594
   2     -0.24338      1.51861      0.69683      1.38273
   3     -0.27545      0.00914     -0.93928      0.95278
   4     -0.36435     -1.69767      0.60730     -1.17442
 
 

 === density matrix P ===
   1      0.20799      0.15697      0.17765      0.23499
   2      0.15697      0.11847      0.13408      0.17735
   3      0.17765      0.13408      0.15175      0.20072
   4      0.23499      0.17735      0.20072      0.26550
 
 
 convergence criterium on the density matrix   1.92902703253829     
 
    Nucleus-Nucleus [Ha]:     0.7142857143
    Kinetic Energy  [Ha]:     3.0988098674
    Nucleus Energy  [Ha]:    -4.8575399257
    Hartree Energy  [Ha]:     2.2802905349
    Exchange Energy [Ha]:    -1.1401452675
 
    Total Energy    [Ha]:     0.0957009235
 

-------------------------------------------
 *** SCF cycle No:    2


 === Hartree contribution ===
   1      1.67541      0.95615      0.66818      0.72542
   2      0.95615      1.09284      0.68052      0.92909
   3      0.66818      0.68052      1.47745      0.87360
   4      0.72542      0.92909      0.87360      1.05094
 
 

 === Exchange contribution ===
   1     -0.67156     -0.49265     -0.41848     -0.43622
   2     -0.49265     -0.42186     -0.38320     -0.39708
   3     -0.41848     -0.38320     -0.46186     -0.40116
   4     -0.43622     -0.39708     -0.40116     -0.39691
 
 

 === Total Hamiltonian ===
   1      0.12449     -0.46685     -0.50326     -0.47939
   2     -0.46685     -0.28670     -0.47127     -0.34258
   3     -0.50326     -0.47127      0.13623     -0.45791
   4     -0.47939     -0.34258     -0.45791     -0.30364
 
 
 Diagonalization for spin polarization           1

 === Energies ===
   #       [Ha]         [eV]      
   1     -0.52593    -14.31141
   2      0.27427      7.46328
   3      0.93264     25.37847
   4      1.54147     41.94545
 

 === C coefficients ===
   1      0.29985     -0.13740     -0.75035     -1.09279
   2      0.28537     -1.60457      0.67424      1.28539
   3      0.28557      0.08680     -0.81785      1.05263
   4      0.33342      1.63746      0.65232     -1.24297
 
 

 === density matrix P ===
   1      0.17982      0.17114      0.17125      0.19995
   2      0.17114      0.16287      0.16298      0.19029
   3      0.17125      0.16298      0.16310      0.19043
   4      0.19995      0.19029      0.19043      0.22233
 
 
 convergence criterium on the density matrix  0.417999679996831     
 
    Nucleus-Nucleus [Ha]:     0.7142857143
    Kinetic Energy  [Ha]:     1.5383608680
    Nucleus Energy  [Ha]:    -3.8858530174
    Hartree Energy  [Ha]:     1.4240416606
    Exchange Energy [Ha]:    -0.6455628301
 
    Total Energy    [Ha]:    -0.8547276046
 

-------------------------------------------
 *** SCF cycle No:    3


 === Hartree contribution ===
   1      1.54327      0.89818      0.64634      0.68803
   2      0.89818      1.05861      0.67899      0.91377
   3      0.64634      0.67899      1.50229      0.88175
   4      0.68803      0.91377      0.88175      1.05133
 
 

 === Exchange contribution ===
   1     -0.56727     -0.46569     -0.42272     -0.43009
   2     -0.46569     -0.43963     -0.41791     -0.42670
   3     -0.42272     -0.41791     -0.52251     -0.44804
   4     -0.43009     -0.42670     -0.44804     -0.43781
 
 

 === Total Hamiltonian ===
   1      0.09664     -0.49787     -0.52934     -0.51065
   2     -0.49787     -0.33871     -0.50750     -0.38752
   3     -0.52934     -0.50750      0.10042     -0.49664
   4     -0.51065     -0.38752     -0.49664     -0.34416
 
 
 Diagonalization for spin polarization           1

 === Energies ===
   #       [Ha]         [eV]      
   1     -0.57804    -15.72922
   2      0.26685      7.26142
   3      0.92388     25.14012
   4      1.52954     41.62085
 

 === C coefficients ===
   1      0.29302      0.11737      0.78032     -1.07585
   2      0.30137      1.61956     -0.66605      1.26709
   3      0.28833     -0.10684      0.79067      1.07065
   4      0.32092     -1.62399     -0.65993     -1.25979
 
 

 === density matrix P ===
   1      0.17172      0.17662      0.16897      0.18807
   2      0.17662      0.18165      0.17379      0.19343
   3      0.16897      0.17379      0.16626      0.18506
   4      0.18807      0.19343      0.18506      0.20597
 
 
 convergence criterium on the density matrix  0.102989126947003     
 
    Nucleus-Nucleus [Ha]:     0.7142857143
    Kinetic Energy  [Ha]:     1.2078280855
    Nucleus Energy  [Ha]:    -3.6708133843
    Hartree Energy  [Ha]:     1.3286416294
    Exchange Energy [Ha]:    -0.6479238821
 
    Total Energy    [Ha]:    -1.0679818372
 

-------------------------------------------
 *** SCF cycle No:    4


 === Hartree contribution ===
   1      1.51407      0.88548      0.64110      0.67967
   2      0.88548      1.05131      0.67804      0.91008
   3      0.64110      0.67804      1.50614      0.88259
   4      0.67967      0.91008      0.88259      1.05051
 
 

 === Exchange contribution ===
   1     -0.54379     -0.45978     -0.42254     -0.42781
   2     -0.45978     -0.44430     -0.42501     -0.43288
   3     -0.42254     -0.42501     -0.53457     -0.45699
   4     -0.42781     -0.43288     -0.45699     -0.44541
 
 

 === Total Hamiltonian ===
   1      0.09091     -0.50465     -0.53440     -0.51672
   2     -0.50465     -0.35067     -0.51555     -0.39738
   3     -0.53440     -0.51555      0.09220     -0.50475
   4     -0.51672     -0.39738     -0.50475     -0.35258
 
 
 Diagonalization for spin polarization           1

 === Energies ===
   #       [Ha]         [eV]      
   1     -0.58918    -16.03241
   2      0.26477      7.20473
   3      0.92162     25.07847
   4      1.52612     41.52796
 

 === C coefficients ===
   1      0.29083      0.11345      0.78564     -1.07299
   2      0.30771      1.62156     -0.66388      1.26415
   3      0.28921     -0.11130      0.78588      1.07348
   4      0.31569     -1.62144     -0.66161     -1.26352
 
 

 === density matrix P ===
   1      0.16917      0.17898      0.16822      0.18363
   2      0.17898      0.18936      0.17798      0.19428
   3      0.16822      0.17798      0.16729      0.18261
   4      0.18363      0.19428      0.18261      0.19932
 
 
 convergence criterium on the density matrix  3.173321666708103E-002
 
    Nucleus-Nucleus [Ha]:     0.7142857143
    Kinetic Energy  [Ha]:     1.1361403131
    Nucleus Energy  [Ha]:    -3.6210919208
    Hartree Energy  [Ha]:     1.3107678642
    Exchange Energy [Ha]:    -0.6519474198
 
    Total Energy    [Ha]:    -1.1118454490
 

-------------------------------------------
 *** SCF cycle No:    5


 === Hartree contribution ===
   1      1.50756      0.88270      0.63976      0.67778
   2      0.88270      1.04979      0.67758      0.90914
   3      0.63976      0.67758      1.50631      0.88238
   4      0.67778      0.90914      0.88238      1.04996
 
 

 === Exchange contribution ===
   1     -0.53846     -0.45859     -0.42217     -0.42706
   2     -0.45859     -0.44572     -0.42642     -0.43418
   3     -0.42217     -0.42642     -0.53674     -0.45846
   4     -0.42706     -0.43418     -0.45846     -0.44660
 
 

 === Total Hamiltonian ===
   1      0.08974     -0.50624     -0.53536     -0.51786
   2     -0.50624     -0.35361     -0.51743     -0.39963
   3     -0.53536     -0.51743      0.09020     -0.50643
   4     -0.51786     -0.39963     -0.50643     -0.35432
 
 
 Diagonalization for spin polarization           1

 === Energies ===
   #       [Ha]         [eV]      
   1     -0.59163    -16.09918
   2      0.26418      7.18880
   3      0.92099     25.06151
   4      1.52508     41.49949
 

 === C coefficients ===
   1      0.29010      0.11274      0.78626     -1.07281
   2      0.31024      1.62155     -0.66315      1.26392
   3      0.28952     -0.11232      0.78541      1.07363
   4      0.31351     -1.62108     -0.66217     -1.26423
 
 

 === density matrix P ===
   1      0.16832      0.18001      0.16799      0.18190
   2      0.18001      0.19250      0.17965      0.19453
   3      0.16799      0.17965      0.16765      0.18154
   4      0.18190      0.19453      0.18154      0.19657
 
 
 convergence criterium on the density matrix  1.171350571564010E-002
 
    Nucleus-Nucleus [Ha]:     0.7142857143
    Kinetic Energy  [Ha]:     1.1200467752
    Nucleus Energy  [Ha]:    -3.6089845696
    Hartree Energy  [Ha]:     1.3064998468
    Exchange Energy [Ha]:    -0.6525528737
 
    Total Energy    [Ha]:    -1.1207051070
 

-------------------------------------------
 *** SCF cycle No:    6


 === Hartree contribution ===
   1      1.50613      0.88211      0.63941      0.67735
   2      0.88211      1.04951      0.67738      0.90889
   3      0.63941      0.67738      1.50607      0.88218
   4      0.67735      0.90889      0.88218      1.04969
 
 

 === Exchange contribution ===
   1     -0.53726     -0.45841     -0.42199     -0.42683
   2     -0.45841     -0.44622     -0.42669     -0.43447
   3     -0.42199     -0.42669     -0.53703     -0.45860
   4     -0.42683     -0.43447     -0.45860     -0.44668
 
 

 === Total Hamiltonian ===
   1      0.08950     -0.50665     -0.53554     -0.51806
   2     -0.50665     -0.35439     -0.51790     -0.40017
   3     -0.53554     -0.51790      0.08968     -0.50677
   4     -0.51806     -0.40017     -0.50677     -0.35466
 
 
 Diagonalization for spin polarization           1

 === Energies ===
   #       [Ha]         [eV]      
   1     -0.59220    -16.11446
   2      0.26401      7.18416
   3      0.92081     25.05662
   4      1.52475     41.49059
 

 === C coefficients ===
   1      0.28986      0.11263      0.78615     -1.07297
   2      0.31126      1.62138     -0.66285      1.26404
   3      0.28964     -0.11256      0.78557      1.07346
   4      0.31260     -1.62109     -0.66242     -1.26431
 
 

 === density matrix P ===
   1      0.16803      0.18044      0.16791      0.18122
   2      0.18044      0.19377      0.18031      0.19460
   3      0.16791      0.18031      0.16778      0.18108
   4      0.18122      0.19460      0.18108      0.19543
 
 
 convergence criterium on the density matrix  4.656660263164993E-003
 
    Nucleus-Nucleus [Ha]:     0.7142857143
    Kinetic Energy  [Ha]:     1.1162732893
    Nucleus Energy  [Ha]:    -3.6058730726
    Hartree Energy  [Ha]:     1.3053751413
    Exchange Energy [Ha]:    -0.6525472930
 
    Total Energy    [Ha]:    -1.1224862207
 

-------------------------------------------
 *** SCF cycle No:    7


 === Hartree contribution ===
   1      1.50582      0.88200      0.63931      0.67726
   2      0.88200      1.04947      0.67729      0.90882
   3      0.63931      0.67729      1.50591      0.88207
   4      0.67726      0.90882      0.88207      1.04957
 
 

 === Exchange contribution ===
   1     -0.53700     -0.45841     -0.42192     -0.42676
   2     -0.45841     -0.44640     -0.42673     -0.43453
   3     -0.42192     -0.42673     -0.53702     -0.45855
   4     -0.42676     -0.43453     -0.45855     -0.44662
 
 

 === Total Hamiltonian ===
   1      0.08946     -0.50677     -0.53557     -0.51809
   2     -0.50677     -0.35461     -0.51802     -0.40030
   3     -0.53557     -0.51802      0.08953     -0.50683
   4     -0.51809     -0.40030     -0.50683     -0.35472
 
 
 Diagonalization for spin polarization           1

 === Energies ===
   #       [Ha]         [eV]      
   1     -0.59233    -16.11812
   2      0.26396      7.18277
   3      0.92076     25.05516
   4      1.52465     41.48779
 

 === C coefficients ===
   1      0.28977      0.11262      0.78601     -1.07309
   2      0.31168      1.62128     -0.66272      1.26414
   3      0.28969     -0.11262      0.78572      1.07333
   4      0.31222     -1.62114     -0.66253     -1.26428
 
 

 === density matrix P ===
   1      0.16793      0.18063      0.16789      0.18094
   2      0.18063      0.19428      0.18058      0.19462
   3      0.16789      0.18058      0.16784      0.18089
   4      0.18094      0.19462      0.18089      0.19496
 
 
 convergence criterium on the density matrix  1.889492887889658E-003
 
    Nucleus-Nucleus [Ha]:     0.7142857143
    Kinetic Energy  [Ha]:     1.1153434075
    Nucleus Energy  [Ha]:    -3.6050319298
    Hartree Energy  [Ha]:     1.3050618770
    Exchange Energy [Ha]:    -0.6525027725
 
    Total Energy    [Ha]:    -1.1228437035
 

-------------------------------------------
 *** SCF cycle No:    8


 === Hartree contribution ===
   1      1.50577      0.88198      0.63928      0.67724
   2      0.88198      1.04948      0.67726      0.90880
   3      0.63928      0.67726      1.50583      0.88202
   4      0.67724      0.90880      0.88202      1.04952
 
 

 === Exchange contribution ===
   1     -0.53695     -0.45844     -0.42189     -0.42674
   2     -0.45844     -0.44648     -0.42674     -0.43455
   3     -0.42189     -0.42674     -0.53698     -0.45851
   4     -0.42674     -0.43455     -0.45851     -0.44657
 
 

 === Total Hamiltonian ===
   1      0.08946     -0.50681     -0.53557     -0.51809
   2     -0.50681     -0.35468     -0.51806     -0.40034
   3     -0.53557     -0.51806      0.08948     -0.50683
   4     -0.51809     -0.40034     -0.50683     -0.35473
 
 
 Diagonalization for spin polarization           1

 === Energies ===
   #       [Ha]         [eV]      
   1     -0.59236    -16.11905
   2      0.26395      7.18234
   3      0.92074     25.05472
   4      1.52462     41.48691
 

 === C coefficients ===
   1      0.28974      0.11263      0.78594     -1.07316
   2      0.31184      1.62123     -0.66266      1.26419
   3      0.28971     -0.11263      0.78580      1.07326
   4      0.31206     -1.62117     -0.66258     -1.26426
 
 

 === density matrix P ===
   1      0.16790      0.18071      0.16788      0.18083
   2      0.18071      0.19449      0.18069      0.19463
   3      0.16788      0.18069      0.16786      0.18081
   4      0.18083      0.19463      0.18081      0.19477
 
 
 convergence criterium on the density matrix  7.701085016473427E-004
 
    Nucleus-Nucleus [Ha]:     0.7142857143
    Kinetic Energy  [Ha]:     1.1151021511
    Nucleus Energy  [Ha]:    -3.6047945001
    Hartree Energy  [Ha]:     1.3049711805
    Exchange Energy [Ha]:    -0.6524799400
 
    Total Energy    [Ha]:    -1.1229153942
 

-------------------------------------------
 *** SCF cycle No:    9


 === Hartree contribution ===
   1      1.50577      0.88198      0.63927      0.67724
   2      0.88198      1.04948      0.67725      0.90879
   3      0.63927      0.67725      1.50580      0.88200
   4      0.67724      0.90879      0.88200      1.04950
 
 

 === Exchange contribution ===
   1     -0.53694     -0.45845     -0.42188     -0.42674
   2     -0.45845     -0.44651     -0.42674     -0.43455
   3     -0.42188     -0.42674     -0.53696     -0.45848
   4     -0.42674     -0.43455     -0.45848     -0.44655
 
 

 === Total Hamiltonian ===
   1      0.08946     -0.50682     -0.53557     -0.51808
   2     -0.50682     -0.35471     -0.51807     -0.40035
   3     -0.53557     -0.51807      0.08947     -0.50683
   4     -0.51808     -0.40035     -0.50683     -0.35473
 
 
 Diagonalization for spin polarization           1

 === Energies ===
   #       [Ha]         [eV]      
   1     -0.59237    -16.11929
   2      0.26394      7.18221
   3      0.92074     25.05458
   4      1.52461     41.48663
 

 === C coefficients ===
   1      0.28973      0.11263      0.78590     -1.07319
   2      0.31191      1.62121     -0.66264      1.26421
   3      0.28971     -0.11263      0.78584      1.07323
   4      0.31200     -1.62118     -0.66260     -1.26424
 
 

 === density matrix P ===
   1      0.16788      0.18074      0.16788      0.18079
   2      0.18074      0.19458      0.18073      0.19463
   3      0.16788      0.18073      0.16787      0.18078
   4      0.18079      0.19463      0.18078      0.19469
 
 
 convergence criterium on the density matrix  3.140792316310326E-004
 
    Nucleus-Nucleus [Ha]:     0.7142857143
    Kinetic Energy  [Ha]:     1.1150364634
    Nucleus Energy  [Ha]:    -3.6047251639
    Hartree Energy  [Ha]:     1.3049441795
    Exchange Energy [Ha]:    -0.6524709569
 
    Total Energy    [Ha]:    -1.1229297636
 

-------------------------------------------
 *** SCF cycle No:   10


 === Hartree contribution ===
   1      1.50577      0.88199      0.63927      0.67724
   2      0.88199      1.04949      0.67724      0.90879
   3      0.63927      0.67724      1.50578      0.88200
   4      0.67724      0.90879      0.88200      1.04949
 
 

 === Exchange contribution ===
   1     -0.53695     -0.45846     -0.42188     -0.42673
   2     -0.45846     -0.44652     -0.42673     -0.43455
   3     -0.42188     -0.42673     -0.53696     -0.45847
   4     -0.42673     -0.43455     -0.45847     -0.44654
 
 

 === Total Hamiltonian ===
   1      0.08946     -0.50683     -0.53557     -0.51808
   2     -0.50683     -0.35472     -0.51808     -0.40035
   3     -0.53557     -0.51808      0.08946     -0.50683
   4     -0.51808     -0.40035     -0.50683     -0.35472
 
 
 Diagonalization for spin polarization           1

 === Energies ===
   #       [Ha]         [eV]      
   1     -0.59238    -16.11936
   2      0.26394      7.18217
   3      0.92074     25.05454
   4      1.52460     41.48655
 

 === C coefficients ===
   1      0.28972      0.11263      0.78588     -1.07320
   2      0.31194      1.62120     -0.66263      1.26422
   3      0.28972     -0.11263      0.78586      1.07322
   4      0.31197     -1.62119     -0.66261     -1.26423
 
 

 === density matrix P ===
   1      0.16788      0.18075      0.16787      0.18077
   2      0.18075      0.19461      0.18075      0.19463
   3      0.16787      0.18075      0.16787      0.18077
   4      0.18077      0.19463      0.18077      0.19466
 
 
 convergence criterium on the density matrix  1.280834460045918E-004
 
    Nucleus-Nucleus [Ha]:     0.7142857143
    Kinetic Energy  [Ha]:     1.1150178273
    Nucleus Energy  [Ha]:    -3.6047044026
    Hartree Energy  [Ha]:     1.3049359827
    Exchange Energy [Ha]:    -0.6524677643
 
    Total Energy    [Ha]:    -1.1229326426
 

-------------------------------------------
 *** SCF cycle No:   11


 === Hartree contribution ===
   1      1.50577      0.88199      0.63927      0.67724
   2      0.88199      1.04949      0.67724      0.90879
   3      0.63927      0.67724      1.50578      0.88199
   4      0.67724      0.90879      0.88199      1.04949
 
 

 === Exchange contribution ===
   1     -0.53695     -0.45846     -0.42188     -0.42673
   2     -0.45846     -0.44653     -0.42673     -0.43455
   3     -0.42188     -0.42673     -0.53695     -0.45847
   4     -0.42673     -0.43455     -0.45847     -0.44653
 
 

 === Total Hamiltonian ===
   1      0.08946     -0.50683     -0.53557     -0.51808
   2     -0.50683     -0.35472     -0.51808     -0.40035
   3     -0.53557     -0.51808      0.08946     -0.50683
   4     -0.51808     -0.40035     -0.50683     -0.35472
 
 
 Diagonalization for spin polarization           1

 === Energies ===
   #       [Ha]         [eV]      
   1     -0.59238    -16.11938
   2      0.26394      7.18216
   3      0.92074     25.05453
   4      1.52460     41.48652
 

 === C coefficients ===
   1      0.28972      0.11263      0.78588     -1.07321
   2      0.31195      1.62119     -0.66262      1.26423
   3      0.28972     -0.11263      0.78587      1.07321
   4      0.31196     -1.62119     -0.66262     -1.26423
 
 

 === density matrix P ===
   1      0.16788      0.18076      0.16787      0.18076
   2      0.18076      0.19462      0.18075      0.19463
   3      0.16787      0.18075      0.16787      0.18076
   4      0.18076      0.19463      0.18076      0.19464
 
 
 convergence criterium on the density matrix  5.222653300313085E-005
 
    Nucleus-Nucleus [Ha]:     0.7142857143
    Kinetic Energy  [Ha]:     1.1150123664
    Nucleus Energy  [Ha]:    -3.6046980759
    Hartree Energy  [Ha]:     1.3049334611
    Exchange Energy [Ha]:    -0.6524666851
 
    Total Energy    [Ha]:    -1.1229332192
 

-------------------------------------------
 *** SCF cycle No:   12


 === Hartree contribution ===
   1      1.50577      0.88199      0.63927      0.67724
   2      0.88199      1.04949      0.67724      0.90879
   3      0.63927      0.67724      1.50577      0.88199
   4      0.67724      0.90879      0.88199      1.04949
 
 

 === Exchange contribution ===
   1     -0.53695     -0.45847     -0.42188     -0.42673
   2     -0.45847     -0.44653     -0.42673     -0.43455
   3     -0.42188     -0.42673     -0.53695     -0.45847
   4     -0.42673     -0.43455     -0.45847     -0.44653
 
 

 === Total Hamiltonian ===
   1      0.08946     -0.50683     -0.53557     -0.51808
   2     -0.50683     -0.35472     -0.51808     -0.40035
   3     -0.53557     -0.51808      0.08946     -0.50683
   4     -0.51808     -0.40035     -0.50683     -0.35472
 
 
 Diagonalization for spin polarization           1

 === Energies ===
   #       [Ha]         [eV]      
   1     -0.59238    -16.11939
   2      0.26394      7.18216
   3      0.92074     25.05452
   4      1.52460     41.48651
 

 === C coefficients ===
   1      0.28972      0.11263      0.78587     -1.07321
   2      0.31195      1.62119     -0.66262      1.26423
   3      0.28972     -0.11263      0.78587      1.07321
   4      0.31196     -1.62119     -0.66262     -1.26423
 
 

 === density matrix P ===
   1      0.16787      0.18076      0.16787      0.18076
   2      0.18076      0.19463      0.18076      0.19463
   3      0.16787      0.18076      0.16787      0.18076
   4      0.18076      0.19463      0.18076      0.19464
 
 
 convergence criterium on the density matrix  2.129396725420014E-005
 
    Nucleus-Nucleus [Ha]:     0.7142857143
    Kinetic Energy  [Ha]:     1.1150107275
    Nucleus Energy  [Ha]:    -3.6046961249
    Hartree Energy  [Ha]:     1.3049326786
    Exchange Energy [Ha]:    -0.6524663302
 
    Total Energy    [Ha]:    -1.1229333347
 

-------------------------------------------
 *** SCF cycle No:   13


 === Hartree contribution ===
   1      1.50577      0.88199      0.63927      0.67724
   2      0.88199      1.04949      0.67724      0.90879
   3      0.63927      0.67724      1.50577      0.88199
   4      0.67724      0.90879      0.88199      1.04949
 
 

 === Exchange contribution ===
   1     -0.53695     -0.45847     -0.42188     -0.42673
   2     -0.45847     -0.44653     -0.42673     -0.43455
   3     -0.42188     -0.42673     -0.53695     -0.45847
   4     -0.42673     -0.43455     -0.45847     -0.44653
 
 

 === Total Hamiltonian ===
   1      0.08946     -0.50683     -0.53557     -0.51808
   2     -0.50683     -0.35472     -0.51808     -0.40035
   3     -0.53557     -0.51808      0.08946     -0.50683
   4     -0.51808     -0.40035     -0.50683     -0.35472
 
 
 Diagonalization for spin polarization           1

 === Energies ===
   #       [Ha]         [eV]      
   1     -0.59238    -16.11939
   2      0.26394      7.18215
   3      0.92074     25.05452
   4      1.52460     41.48651
 

 === C coefficients ===
   1      0.28972      0.11263      0.78587     -1.07321
   2      0.31195      1.62119     -0.66262      1.26423
   3      0.28972     -0.11263      0.78587      1.07321
   4      0.31196     -1.62119     -0.66262     -1.26423
 
 

 === density matrix P ===
   1      0.16787      0.18076      0.16787      0.18076
   2      0.18076      0.19463      0.18076      0.19463
   3      0.16787      0.18076      0.16787      0.18076
   4      0.18076      0.19463      0.18076      0.19463
 
 
 convergence criterium on the density matrix  8.681761904066461E-006
 
    Nucleus-Nucleus [Ha]:     0.7142857143
    Kinetic Energy  [Ha]:     1.1150102274
    Nucleus Energy  [Ha]:    -3.6046955185
    Hartree Energy  [Ha]:     1.3049324344
    Exchange Energy [Ha]:    -0.6524662154
 
    Total Energy    [Ha]:    -1.1229333578
 

-------------------------------------------
 *** SCF cycle No:   14


 === Hartree contribution ===
   1      1.50577      0.88199      0.63927      0.67724
   2      0.88199      1.04949      0.67724      0.90879
   3      0.63927      0.67724      1.50577      0.88199
   4      0.67724      0.90879      0.88199      1.04949
 
 

 === Exchange contribution ===
   1     -0.53695     -0.45847     -0.42188     -0.42673
   2     -0.45847     -0.44653     -0.42673     -0.43455
   3     -0.42188     -0.42673     -0.53695     -0.45847
   4     -0.42673     -0.43455     -0.45847     -0.44653
 
 

 === Total Hamiltonian ===
   1      0.08946     -0.50683     -0.53557     -0.51808
   2     -0.50683     -0.35472     -0.51808     -0.40035
   3     -0.53557     -0.51808      0.08946     -0.50683
   4     -0.51808     -0.40035     -0.50683     -0.35472
 
 
 Diagonalization for spin polarization           1

 === Energies ===
   #       [Ha]         [eV]      
   1     -0.59238    -16.11939
   2      0.26394      7.18215
   3      0.92074     25.05452
   4      1.52460     41.48651
 

 === C coefficients ===
   1      0.28972      0.11263      0.78587     -1.07321
   2      0.31196      1.62119     -0.66262      1.26423
   3      0.28972     -0.11263      0.78587      1.07321
   4      0.31196     -1.62119     -0.66262     -1.26423
 
 

 === density matrix P ===
   1      0.16787      0.18076      0.16787      0.18076
   2      0.18076      0.19463      0.18076      0.19463
   3      0.16787      0.18076      0.16787      0.18076
   4      0.18076      0.19463      0.18076      0.19463
 
 
 convergence criterium on the density matrix  3.539607610112074E-006
 
    Nucleus-Nucleus [Ha]:     0.7142857143
    Kinetic Energy  [Ha]:     1.1150100730
    Nucleus Energy  [Ha]:    -3.6046953291
    Hartree Energy  [Ha]:     1.3049323579
    Exchange Energy [Ha]:    -0.6524661786
 
    Total Energy    [Ha]:    -1.1229333625
 

-------------------------------------------
 *** SCF cycle No:   15


 === Hartree contribution ===
   1      1.50577      0.88199      0.63927      0.67724
   2      0.88199      1.04949      0.67724      0.90879
   3      0.63927      0.67724      1.50577      0.88199
   4      0.67724      0.90879      0.88199      1.04949
 
 

 === Exchange contribution ===
   1     -0.53695     -0.45847     -0.42188     -0.42673
   2     -0.45847     -0.44653     -0.42673     -0.43455
   3     -0.42188     -0.42673     -0.53695     -0.45847
   4     -0.42673     -0.43455     -0.45847     -0.44653
 
 

 === Total Hamiltonian ===
   1      0.08946     -0.50683     -0.53557     -0.51808
   2     -0.50683     -0.35472     -0.51808     -0.40035
   3     -0.53557     -0.51808      0.08946     -0.50683
   4     -0.51808     -0.40035     -0.50683     -0.35472
 
 
 Diagonalization for spin polarization           1

 === Energies ===
   #       [Ha]         [eV]      
   1     -0.59238    -16.11939
   2      0.26394      7.18215
   3      0.92074     25.05452
   4      1.52460     41.48651
 

 === C coefficients ===
   1      0.28972      0.11263      0.78587     -1.07321
   2      0.31196      1.62119     -0.66262      1.26423
   3      0.28972     -0.11263      0.78587      1.07321
   4      0.31196     -1.62119     -0.66262     -1.26423
 
 

 === density matrix P ===
   1      0.16787      0.18076      0.16787      0.18076
   2      0.18076      0.19463      0.18076      0.19463
   3      0.16787      0.18076      0.16787      0.18076
   4      0.18076      0.19463      0.18076      0.19463
 
 
 convergence criterium on the density matrix  1.443120776510106E-006
 
    Nucleus-Nucleus [Ha]:     0.7142857143
    Kinetic Energy  [Ha]:     1.1150100250
    Nucleus Energy  [Ha]:    -3.6046952697
    Hartree Energy  [Ha]:     1.3049323338
    Exchange Energy [Ha]:    -0.6524661669
 
    Total Energy    [Ha]:    -1.1229333634
 
 ==================================================
 The SCF loop ends here
 ==================================================
 

                 --- Timings in (s) and # of calls ---
                    Total time          0.11
 
         4 gaussians integrals          0.00
 
                       Hartree          0.00        15
                      Exchange          0.00        15
                        DFT xc          0.00         0
 
           ERI basis transform          0.00         0
 
         Total GW polarization          0.00         0
            Diago 2 particle H          0.00         0
           Invert 2 particle S          0.00         0
 
                GW self-energy          0.00         0
 
                    MP2 energy          0.00         0
               MP2 self-energy          0.00         0
                 ----------------------

 SUMMARY of all the WARNINGS issued along the run:

 1.     calculation name: HF                                                                                
 2.     basis file used: H_3-21G                                                                            



 This is the end

