 
 Welcome to the fascinating world of ATOM
 
 

 WARNING: OPENMP option is activated with threads number     1
 before read
 inside read_input

 WARNING: calculation name: HF

 Summary of the input parameters 

  calculation type:   HF
             Natom:   1
         Electrons:   1.0000
            Charge:   0.0000
     Magnetization:   1.0000
         Basis set:   3-21G                                                                                               
 Spin polarization:   2
         SCF steps:  20
            Mixing:   0.8000
 
 
 Element used for Z value:    H
 Element used for the basis:  H
 Basis type: 3-21G

 WARNING: basis file used: H_3-21G
 
 open the basis set file H_3-21G
 Total number of basis functions           2
 
 Basis set is ready and fit

 Allocating the ERI array:    0.000 [Mb]
 success

 Calculate and store all the Electron Repulsion Integrals (ERI)
 number of shells           3
 Done.
 

 === occupations ===
           spin 1       spin 2 
   1      1.00000      0.00000
   2      0.00000      0.00000
 

-------------------------------------------
 *** SCF cycle No:    1

 Diagonalization for spin polarization           1
 Diagonalization for spin polarization           2

 === Energies ===
   #              [Ha]                      [eV]      
           spin 1       spin 2       spin 1       spin 2
   1     -0.38873      0.21769    -10.57777      5.92360
   2      0.96153      1.54844     26.16453     42.13528
 
 convergence criterium on the density matrix  0.839778740169664     
 
    Nucleus-Nucleus [Ha]:     0.0000000000
    Kinetic Energy  [Ha]:     1.5494049337
    Nucleus Energy  [Ha]:    -1.7209180992
    Hartree Energy  [Ha]:     0.5700726337
    Exchange Energy [Ha]:    -0.5700726337
 
    Total Energy    [Ha]:    -0.1715131655
 

-------------------------------------------
 *** SCF cycle No:    2

 Diagonalization for spin polarization           1
 Diagonalization for spin polarization           2

 === Energies ===
   #              [Ha]                      [eV]      
           spin 1       spin 2       spin 1       spin 2
   1     -0.46434      0.16857    -12.63536      4.58697
   2      1.03714      1.39097     28.22212     37.85026
 
 convergence criterium on the density matrix  0.321194437660978     
 
    Nucleus-Nucleus [Ha]:     0.0000000000
    Kinetic Energy  [Ha]:     0.9249190476
    Nucleus Energy  [Ha]:    -1.3322993650
    Hartree Energy  [Ha]:     0.4194773813
    Exchange Energy [Ha]:    -0.4070579421
 
    Total Energy    [Ha]:    -0.3949608782
 

-------------------------------------------
 *** SCF cycle No:    3

 Diagonalization for spin polarization           1
 Diagonalization for spin polarization           2

 === Energies ===
   #              [Ha]                      [eV]      
           spin 1       spin 2       spin 1       spin 2
   1     -0.48785      0.13974    -13.27520      3.80242
   2      1.06066      1.31666     28.86196     35.82812
 
 convergence criterium on the density matrix  0.134749187892759     
 
    Nucleus-Nucleus [Ha]:     0.0000000000
    Kinetic Energy  [Ha]:     0.6774501791
    Nucleus Energy  [Ha]:    -1.1514285117
    Hartree Energy  [Ha]:     0.3609169422
    Exchange Energy [Ha]:    -0.3562142373
 
    Total Energy    [Ha]:    -0.4692756277
 

-------------------------------------------
 *** SCF cycle No:    4

 Diagonalization for spin polarization           1
 Diagonalization for spin polarization           2

 === Energies ===
   #              [Ha]                      [eV]      
           spin 1       spin 2       spin 1       spin 2
   1     -0.49414      0.12549    -13.44628      3.41480
   2      1.06694      1.28381     29.03304     34.93434
 
 convergence criterium on the density matrix  6.001130449222709E-002
 
    Nucleus-Nucleus [Ha]:     0.0000000000
    Kinetic Energy  [Ha]:     0.5814402219
    Nucleus Energy  [Ha]:    -1.0723229800
    Hartree Energy  [Ha]:     0.3374930407
    Exchange Energy [Ha]:    -0.3361442112
 
    Total Energy    [Ha]:    -0.4895339286
 

-------------------------------------------
 *** SCF cycle No:    5

 Diagonalization for spin polarization           1
 Diagonalization for spin polarization           2

 === Energies ===
   #              [Ha]                      [eV]      
           spin 1       spin 2       spin 1       spin 2
   1     -0.49571      0.11888    -13.48896      3.23487
   2      1.06851      1.26938     29.07572     34.54153
 
 convergence criterium on the density matrix  2.710104102525186E-002
 
    Nucleus-Nucleus [Ha]:     0.0000000000
    Kinetic Energy  [Ha]:     0.5428964871
    Nucleus Energy  [Ha]:    -1.0378589148
    Hartree Energy  [Ha]:     0.3276470566
    Exchange Energy [Ha]:    -0.3272985409
 
    Total Energy    [Ha]:    -0.4946139120
 

-------------------------------------------
 *** SCF cycle No:    6

 Diagonalization for spin polarization           1
 Diagonalization for spin polarization           2

 === Energies ===
   #              [Ha]                      [eV]      
           spin 1       spin 2       spin 1       spin 2
   1     -0.49609      0.11588    -13.49918      3.15325
   2      1.06889      1.26300     29.08594     34.36800
 
 convergence criterium on the density matrix  1.222050662294645E-002
 
    Nucleus-Nucleus [Ha]:     0.0000000000
    Kinetic Energy  [Ha]:     0.5268101592
    Nucleus Energy  [Ha]:    -1.0227270650
    Hartree Energy  [Ha]:     0.3233777686
    Exchange Energy [Ha]:    -0.3232925326
 
    Total Energy    [Ha]:    -0.4958316698
 

-------------------------------------------
 *** SCF cycle No:    7

 Diagonalization for spin polarization           1
 Diagonalization for spin polarization           2

 === Energies ===
   #              [Ha]                      [eV]      
           spin 1       spin 2       spin 1       spin 2
   1     -0.49617      0.11453    -13.50156      3.11654
   2      1.06898      1.26017     29.08832     34.29098
 
 convergence criterium on the density matrix  5.490627024638820E-003
 
    Nucleus-Nucleus [Ha]:     0.0000000000
    Kinetic Energy  [Ha]:     0.5199004874
    Nucleus Energy  [Ha]:    -1.0160358830
    Hartree Energy  [Ha]:     0.3214970476
    Exchange Energy [Ha]:    -0.3214769123
 
    Total Energy    [Ha]:    -0.4961152603
 

-------------------------------------------
 *** SCF cycle No:    8

 Diagonalization for spin polarization           1
 Diagonalization for spin polarization           2

 === Energies ===
   #              [Ha]                      [eV]      
           spin 1       spin 2       spin 1       spin 2
   1     -0.49619      0.11393    -13.50210      3.10010
   2      1.06900      1.25891     29.08886     34.25669
 
 convergence criterium on the density matrix  2.460343737707951E-003
 
    Nucleus-Nucleus [Ha]:     0.0000000000
    Kinetic Energy  [Ha]:     0.5168789420
    Nucleus Energy  [Ha]:    -1.0130635377
    Hartree Energy  [Ha]:     0.3206623184
    Exchange Energy [Ha]:    -0.3206576760
 
    Total Energy    [Ha]:    -0.4961799533
 

-------------------------------------------
 *** SCF cycle No:    9

 Diagonalization for spin polarization           1
 Diagonalization for spin polarization           2

 === Energies ===
   #              [Ha]                      [eV]      
           spin 1       spin 2       spin 1       spin 2
   1     -0.49620      0.11366    -13.50222      3.09275
   2      1.06900      1.25835     29.08899     34.24140
 
 convergence criterium on the density matrix  1.100740190185556E-003
 
    Nucleus-Nucleus [Ha]:     0.0000000000
    Kinetic Energy  [Ha]:     0.5155442063
    Nucleus Energy  [Ha]:    -1.0117397395
    Hartree Energy  [Ha]:     0.3202905611
    Exchange Energy [Ha]:    -0.3202895099
 
    Total Energy    [Ha]:    -0.4961944820
 

-------------------------------------------
 *** SCF cycle No:   10

 Diagonalization for spin polarization           1
 Diagonalization for spin polarization           2

 === Energies ===
   #              [Ha]                      [eV]      
           spin 1       spin 2       spin 1       spin 2
   1     -0.49620      0.11354    -13.50225      3.08946
   2      1.06900      1.25810     29.08901     34.23457
 
 convergence criterium on the density matrix  4.920441599591206E-004
 
    Nucleus-Nucleus [Ha]:     0.0000000000
    Kinetic Energy  [Ha]:     0.5149514016
    Nucleus Energy  [Ha]:    -1.0111493412
    Hartree Energy  [Ha]:     0.3201247364
    Exchange Energy [Ha]:    -0.3201245017
 
    Total Energy    [Ha]:    -0.4961977049
 

-------------------------------------------
 *** SCF cycle No:   11

 Diagonalization for spin polarization           1
 Diagonalization for spin polarization           2

 === Energies ===
   #              [Ha]                      [eV]      
           spin 1       spin 2       spin 1       spin 2
   1     -0.49620      0.11348    -13.50226      3.08800
   2      1.06900      1.25798     29.08902     34.23153
 
 convergence criterium on the density matrix  2.198531011152759E-004
 
    Nucleus-Nucleus [Ha]:     0.0000000000
    Kinetic Energy  [Ha]:     0.5146873783
    Nucleus Energy  [Ha]:    -1.0108858428
    Hartree Energy  [Ha]:     0.3200507174
    Exchange Energy [Ha]:    -0.3200506656
 
    Total Energy    [Ha]:    -0.4961984127
 

-------------------------------------------
 *** SCF cycle No:   12

 Diagonalization for spin polarization           1
 Diagonalization for spin polarization           2

 === Energies ===
   #              [Ha]                      [eV]      
           spin 1       spin 2       spin 1       spin 2
   1     -0.49620      0.11346    -13.50226      3.08734
   2      1.06900      1.25794     29.08902     34.23017
 
 convergence criterium on the density matrix  9.821216186639846E-005
 
    Nucleus-Nucleus [Ha]:     0.0000000000
    Kinetic Energy  [Ha]:     0.5145696213
    Nucleus Energy  [Ha]:    -1.0107681995
    Hartree Energy  [Ha]:     0.3200176673
    Exchange Energy [Ha]:    -0.3200176559
 
    Total Energy    [Ha]:    -0.4961985669
 

-------------------------------------------
 *** SCF cycle No:   13

 Diagonalization for spin polarization           1
 Diagonalization for spin polarization           2

 === Energies ===
   #              [Ha]                      [eV]      
           spin 1       spin 2       spin 1       spin 2
   1     -0.49620      0.11345    -13.50226      3.08705
   2      1.06900      1.25791     29.08902     34.22956
 
 convergence criterium on the density matrix  4.386827765175140E-005
 
    Nucleus-Nucleus [Ha]:     0.0000000000
    Kinetic Energy  [Ha]:     0.5145170637
    Nucleus Energy  [Ha]:    -1.0107156664
    Hartree Energy  [Ha]:     0.3200029080
    Exchange Energy [Ha]:    -0.3200029055
 
    Total Energy    [Ha]:    -0.4961986003
 

-------------------------------------------
 *** SCF cycle No:   14

 Diagonalization for spin polarization           1
 Diagonalization for spin polarization           2

 === Energies ===
   #              [Ha]                      [eV]      
           spin 1       spin 2       spin 1       spin 2
   1     -0.49620      0.11344    -13.50226      3.08692
   2      1.06900      1.25790     29.08902     34.22929
 
 convergence criterium on the density matrix  1.959353309637663E-005
 
    Nucleus-Nucleus [Ha]:     0.0000000000
    Kinetic Energy  [Ha]:     0.5144935978
    Nucleus Energy  [Ha]:    -1.0106922058
    Hartree Energy  [Ha]:     0.3199963165
    Exchange Energy [Ha]:    -0.3199963160
 
    Total Energy    [Ha]:    -0.4961986074
 

-------------------------------------------
 *** SCF cycle No:   15

 Diagonalization for spin polarization           1
 Diagonalization for spin polarization           2

 === Energies ===
   #              [Ha]                      [eV]      
           spin 1       spin 2       spin 1       spin 2
   1     -0.49620      0.11344    -13.50226      3.08686
   2      1.06900      1.25790     29.08902     34.22917
 
 convergence criterium on the density matrix  8.751121495666024E-006
 
    Nucleus-Nucleus [Ha]:     0.0000000000
    Kinetic Energy  [Ha]:     0.5144831191
    Nucleus Energy  [Ha]:    -1.0106817282
    Hartree Energy  [Ha]:     0.3199933727
    Exchange Energy [Ha]:    -0.3199933726
 
    Total Energy    [Ha]:    -0.4961986090
 

-------------------------------------------
 *** SCF cycle No:   16

 Diagonalization for spin polarization           1
 Diagonalization for spin polarization           2

 === Energies ===
   #              [Ha]                      [eV]      
           spin 1       spin 2       spin 1       spin 2
   1     -0.49620      0.11344    -13.50226      3.08683
   2      1.06900      1.25790     29.08902     34.22911
 
 convergence criterium on the density matrix  3.908492423568401E-006
 
    Nucleus-Nucleus [Ha]:     0.0000000000
    Kinetic Energy  [Ha]:     0.5144784394
    Nucleus Energy  [Ha]:    -1.0106770488
    Hartree Energy  [Ha]:     0.3199920579
    Exchange Energy [Ha]:    -0.3199920579
 
    Total Energy    [Ha]:    -0.4961986093
 

-------------------------------------------
 *** SCF cycle No:   17

 Diagonalization for spin polarization           1
 Diagonalization for spin polarization           2

 === Energies ===
   #              [Ha]                      [eV]      
           spin 1       spin 2       spin 1       spin 2
   1     -0.49620      0.11344    -13.50226      3.08682
   2      1.06900      1.25790     29.08902     34.22909
 
 convergence criterium on the density matrix  1.745630217556304E-006
 
    Nucleus-Nucleus [Ha]:     0.0000000000
    Kinetic Energy  [Ha]:     0.5144763495
    Nucleus Energy  [Ha]:    -1.0106749588
    Hartree Energy  [Ha]:     0.3199914707
    Exchange Energy [Ha]:    -0.3199914707
 
    Total Energy    [Ha]:    -0.4961986094
 

-------------------------------------------
 *** SCF cycle No:   18

 Diagonalization for spin polarization           1
 Diagonalization for spin polarization           2

 === Energies ===
   #              [Ha]                      [eV]      
           spin 1       spin 2       spin 1       spin 2
   1     -0.49620      0.11344    -13.50226      3.08682
   2      1.06900      1.25789     29.08902     34.22908
 
 convergence criterium on the density matrix  7.796397899125475E-007
 
    Nucleus-Nucleus [Ha]:     0.0000000000
    Kinetic Energy  [Ha]:     0.5144754161
    Nucleus Energy  [Ha]:    -1.0106740254
    Hartree Energy  [Ha]:     0.3199912085
    Exchange Energy [Ha]:    -0.3199912085
 
    Total Energy    [Ha]:    -0.4961986094
 

-------------------------------------------
 *** SCF cycle No:   19

 Diagonalization for spin polarization           1
 Diagonalization for spin polarization           2

 === Energies ===
   #              [Ha]                      [eV]      
           spin 1       spin 2       spin 1       spin 2
   1     -0.49620      0.11344    -13.50226      3.08681
   2      1.06900      1.25789     29.08902     34.22907
 
 convergence criterium on the density matrix  3.482051221737637E-007
 
    Nucleus-Nucleus [Ha]:     0.0000000000
    Kinetic Energy  [Ha]:     0.5144749992
    Nucleus Energy  [Ha]:    -1.0106736086
    Hartree Energy  [Ha]:     0.3199910913
    Exchange Energy [Ha]:    -0.3199910913
 
    Total Energy    [Ha]:    -0.4961986094
 

-------------------------------------------
 *** SCF cycle No:   20

 Diagonalization for spin polarization           1
 Diagonalization for spin polarization           2

 === Energies ===
   #              [Ha]                      [eV]      
           spin 1       spin 2       spin 1       spin 2
   1     -0.49620      0.11344    -13.50226      3.08681
   2      1.06900      1.25789     29.08902     34.22907
 
 convergence criterium on the density matrix  1.555163443632310E-007
 
    Nucleus-Nucleus [Ha]:     0.0000000000
    Kinetic Energy  [Ha]:     0.5144748130
    Nucleus Energy  [Ha]:    -1.0106734224
    Hartree Energy  [Ha]:     0.3199910390
    Exchange Energy [Ha]:    -0.3199910390
 
    Total Energy    [Ha]:    -0.4961986094
 
 ==================================================
 The SCF loop ends here
 ==================================================
 

                 --- Timings in (s) and # of calls ---
                    Total time          0.01
 
         4 gaussians integrals          0.00
 
                       Hartree          0.00        20
                      Exchange          0.00        20
                        DFT xc          0.00         0
 
           ERI basis transform          0.00         0
 
         Total GW polarization          0.00         0
            Diago 2 particle H          0.00         0
           Invert 2 particle S          0.00         0
 
                GW self-energy          0.00         0
 
                    MP2 energy          0.00         0
               MP2 self-energy          0.00         0
                 ----------------------

 SUMMARY of all the WARNINGS issued along the run:

 1.     OPENMP option is activated with threads number     1                                                
 2.     calculation name: HF                                                                                
 3.     basis file used: H_3-21G                                                                            



 This is the end

