 
 Welcome to the fascinating world of MOLGW
 
 

 WARNING: OPENMP option is activated with threads number     8

 WARNING: LOW_MEMORY version 2 option is swichted on

 WARNING: calculation name: HF+CI

 Summary of the input parameters 

  calculation type:   HF+CI
             Natom:   2
         Electrons:   2.0000
            Charge:   0.0000
     Magnetization:   0.0000
         Basis set:   6-31Gss                                                                                             
 Spin polarization:   1
         SCF steps:  50
            Mixing:   0.7000
 
 ================================
       atom list
                        bohr                                        angstrom
  H     -0.700000     0.000000     0.000000          -0.370424     0.000000     0.000000
  H      0.700000     0.000000     0.000000           0.370424     0.000000     0.000000
 ================================
 
 
 Element used for Z value:    H
 Element used for the basis:  H
 Basis type: 6-31Gss

 WARNING: basis file used: H_6-31Gss
 
 open the basis set file H_6-31Gss
 
 Element used for Z value:    H
 Element used for the basis:  H
 Basis type: 6-31Gss

 WARNING: basis file used: H_6-31Gss
 
 open the basis set file H_6-31Gss
 
 Total number of basis functions          10
 
 Basis set is ready and fit

 Symmetrized ERI stored
 number of integrals to be stored:        1540
 max index size  2147483647
 Allocating the ERI array:      0.012 [Mb]
 success

 Calculate and store all the Electron Repulsion Integrals (ERI)
 number of shells          10
 Done!
 
  number of negligible integrals <  1.000000000000000E-015
        1028  /         1540   66.7532467532468       [%]

 === occupations ===
   1      2.00000
   2      0.00000
   3      0.00000
   4      0.00000
   5      0.00000
   6      0.00000
   7      0.00000
   8      0.00000
   9      0.00000
  10      0.00000
 

-------------------------------------------
 *** SCF cycle No:    1

 
 HOMO energy    [Ha]:       0.000000
 LUMO energy    [Ha]:       0.000000
 HOMO-LUMO gap  [Ha]:       0.000000
 
 Diagonalization for spin polarization           1

 === Energies ===
   #       [Ha]         [eV]      
   1     -0.32439     -8.82714
   2      0.24865      6.76617
   3      0.81995     22.31201
   4      1.33258     36.26135
   5      2.07100     56.35491
   6      2.07100     56.35491
   7      2.88472     78.49718
   8      3.15717     85.91096
   9      3.15717     85.91096
  10      4.75494    129.38857
 
 
    Nucleus-Nucleus [Ha]:     0.7142857143
    Kinetic Energy  [Ha]:     2.7913566421
    Nucleus Energy  [Ha]:    -4.7112248597
    Hartree Energy  [Ha]:     2.1531323454
    Exchange Energy [Ha]:    -1.0765661727
 
    Total Energy    [Ha]:    -0.1290163306
 
 convergence criterium on the density matrix   1.87089532554079     
  ===> convergence not reached yet
 

-------------------------------------------
 *** SCF cycle No:    2

 
 HOMO energy    [Ha]:      -0.324391
 LUMO energy    [Ha]:       0.248652
 HOMO-LUMO gap  [Ha]:       0.573043
 
 A simple mixing of the density matrix is used
 Diagonalization for spin polarization           1

 === Energies ===
   #       [Ha]         [eV]      
   1     -0.51069    -13.89654
   2      0.24797      6.74756
   3      0.78710     21.41809
   4      1.32192     35.97118
   5      2.01024     54.70144
   6      2.01024     54.70144
   7      2.76456     75.22741
   8      2.98983     81.35753
   9      2.98983     81.35753
  10      4.59779    125.11228
 
 
    Nucleus-Nucleus [Ha]:     0.7142857143
    Kinetic Energy  [Ha]:     1.6510417985
    Nucleus Energy  [Ha]:    -3.9808778412
    Hartree Energy  [Ha]:     1.4794523058
    Exchange Energy [Ha]:    -0.6676431037
 
    Total Energy    [Ha]:    -0.8037411263
 
 convergence criterium on the density matrix  0.595310619820184     
  ===> convergence not reached yet
 

-------------------------------------------
 *** SCF cycle No:    3

 
 HOMO energy    [Ha]:      -0.510688
 LUMO energy    [Ha]:       0.247968
 HOMO-LUMO gap  [Ha]:       0.758657
 
 A simple mixing of the density matrix is used
 Diagonalization for spin polarization           1

 === Energies ===
   #       [Ha]         [eV]      
   1     -0.56850    -15.46980
   2      0.24311      6.61543
   3      0.77675     21.13638
   4      1.31502     35.78346
   5      1.97775     53.81724
   6      1.97775     53.81724
   7      2.72476     74.14439
   8      2.94833     80.22822
   9      2.94833     80.22822
  10      4.55224    123.87284
 
 
    Nucleus-Nucleus [Ha]:     0.7142857143
    Kinetic Energy  [Ha]:     1.2935429209
    Nucleus Energy  [Ha]:    -3.7452285991
    Hartree Energy  [Ha]:     1.3557842492
    Exchange Energy [Ha]:    -0.6485703760
 
    Total Energy    [Ha]:    -1.0301860907
 
 convergence criterium on the density matrix  0.192188904800310     
  ===> convergence not reached yet
 

-------------------------------------------
 *** SCF cycle No:    4

 
 HOMO energy    [Ha]:      -0.568504
 LUMO energy    [Ha]:       0.243113
 HOMO-LUMO gap  [Ha]:       0.811617
 
 A Pulay mixing of the density matrix is used

 alpha DIIS:      2.472661     -1.791436      0.318775
 DIIS predicted residual  8.970485940090195E-003
 
 Diagonalization for spin polarization           1

 === Energies ===
   #       [Ha]         [eV]      
   1     -0.59438    -16.17381
   2      0.23934      6.51286
   3      0.77158     20.99583
   4      1.30986     35.64316
   5      1.95942     53.31859
   6      1.95942     53.31859
   7      2.70478     73.60079
   8      2.93032     79.73802
   9      2.93032     79.73802
  10      4.53045    123.27982
 
 
    Nucleus-Nucleus [Ha]:     0.7142857143
    Kinetic Energy  [Ha]:     1.1291391503
    Nucleus Energy  [Ha]:    -3.6304596699
    Hartree Energy  [Ha]:     1.3128911731
    Exchange Energy [Ha]:    -0.6560741317
 
    Total Energy    [Ha]:    -1.1302177638
 
 convergence criterium on the density matrix  3.008533478206906E-003
  ===> convergence not reached yet
 

-------------------------------------------
 *** SCF cycle No:    5

 
 HOMO energy    [Ha]:      -0.594376
 LUMO energy    [Ha]:       0.239343
 HOMO-LUMO gap  [Ha]:       0.833719
 
 A Pulay mixing of the density matrix is used

 alpha DIIS:      1.437983     -1.054681      0.748376     -0.131678
 DIIS predicted residual  7.141057482764164E-004
 
 Diagonalization for spin polarization           1

 === Energies ===
   #       [Ha]         [eV]      
   1     -0.59471    -16.18281
   2      0.23930      6.51178
   3      0.77152     20.99405
   4      1.30979     35.64110
   5      1.95917     53.31177
   6      1.95917     53.31177
   7      2.70453     73.59417
   8      2.93011     79.73227
   9      2.93011     79.73227
  10      4.53019    123.27288
 
 
    Nucleus-Nucleus [Ha]:     0.7142857143
    Kinetic Energy  [Ha]:     1.1271951822
    Nucleus Energy  [Ha]:    -3.6290686060
    Hartree Energy  [Ha]:     1.3124081133
    Exchange Energy [Ha]:    -0.6562519918
 
    Total Energy    [Ha]:    -1.1314315880
 
 convergence criterium on the density matrix  7.263458258552618E-004
  ===> convergence not reached yet
 

-------------------------------------------
 *** SCF cycle No:    6

 
 HOMO energy    [Ha]:      -0.594707
 LUMO energy    [Ha]:       0.239303
 HOMO-LUMO gap  [Ha]:       0.834010
 
 A Pulay mixing of the density matrix is used

 alpha DIIS:      1.372964     -0.427518      0.129142     -0.090960      0.016372
 DIIS predicted residual  1.654203603058883E-004
 
 Diagonalization for spin polarization           1

 === Energies ===
   #       [Ha]         [eV]      
   1     -0.59466    -16.18151
   2      0.23932      6.51210
   3      0.77153     20.99437
   4      1.30980     35.64148
   5      1.95921     53.31285
   6      1.95921     53.31285
   7      2.70458     73.59543
   8      2.93014     79.73333
   9      2.93014     79.73333
  10      4.53024    123.27425
 
 
    Nucleus-Nucleus [Ha]:     0.7142857143
    Kinetic Energy  [Ha]:     1.1275323550
    Nucleus Energy  [Ha]:    -3.6293228866
    Hartree Energy  [Ha]:     1.3124852581
    Exchange Energy [Ha]:    -0.6562338585
 
    Total Energy    [Ha]:    -1.1312534176
 
 convergence criterium on the density matrix  9.355965243196570E-005
  ===> convergence not reached yet
 

-------------------------------------------
 *** SCF cycle No:    7

 
 HOMO energy    [Ha]:      -0.594659
 LUMO energy    [Ha]:       0.239315
 HOMO-LUMO gap  [Ha]:       0.833975
 
 A Pulay mixing of the density matrix is used

 alpha DIIS:      1.506204     -0.665426      0.163819     -0.009558      0.006275     -0.001314
 DIIS predicted residual  8.832745767211523E-006
 
 Diagonalization for spin polarization           1

 === Energies ===
   #       [Ha]         [eV]      
   1     -0.59466    -16.18155
   2      0.23932      6.51218
   3      0.77153     20.99445
   4      1.30981     35.64169
   5      1.95922     53.31301
   6      1.95922     53.31301
   7      2.70459     73.59565
   8      2.93015     79.73351
   9      2.93015     79.73351
  10      4.53025    123.27448
 
 
    Nucleus-Nucleus [Ha]:     0.7142857143
    Kinetic Energy  [Ha]:     1.1275322701
    Nucleus Energy  [Ha]:    -3.6293537668
    Hartree Energy  [Ha]:     1.3124987173
    Exchange Energy [Ha]:    -0.6562500764
 
    Total Energy    [Ha]:    -1.1312871414
 
 convergence criterium on the density matrix  7.755100733876816E-006
  ===> convergence not reached yet
 

-------------------------------------------
 *** SCF cycle No:    8

 
 HOMO energy    [Ha]:      -0.594661
 LUMO energy    [Ha]:       0.239318
 HOMO-LUMO gap  [Ha]:       0.833979
 
 A Pulay mixing of the density matrix is used

 alpha DIIS:      1.669961     -1.000506      0.430257     -0.099894     -0.000604      0.000787
 DIIS predicted residual  3.273704708948833E-007
 
 Diagonalization for spin polarization           1

 === Energies ===
   #       [Ha]         [eV]      
   1     -0.59466    -16.18153
   2      0.23932      6.51219
   3      0.77153     20.99446
   4      1.30981     35.64170
   5      1.95922     53.31303
   6      1.95922     53.31303
   7      2.70459     73.59567
   8      2.93015     79.73353
   9      2.93015     79.73353
  10      4.53025    123.27451
 
 
    Nucleus-Nucleus [Ha]:     0.7142857143
    Kinetic Energy  [Ha]:     1.1275384420
    Nucleus Energy  [Ha]:    -3.6293583552
    Hartree Energy  [Ha]:     1.3125003050
    Exchange Energy [Ha]:    -0.6562500563
 
    Total Energy    [Ha]:    -1.1312839503
 
 convergence criterium on the density matrix  1.021458070380316E-006
  ===> convergence not reached yet
 

-------------------------------------------
 *** SCF cycle No:    9

 
 HOMO energy    [Ha]:      -0.594660
 LUMO energy    [Ha]:       0.239318
 HOMO-LUMO gap  [Ha]:       0.833978
 
 A Pulay mixing of the density matrix is used

 alpha DIIS:      0.881250      0.121081      0.000298     -0.003004      0.000384     -0.000008
 DIIS predicted residual  1.076569645761021E-007
 
 Diagonalization for spin polarization           1

 === Energies ===
   #       [Ha]         [eV]      
   1     -0.59466    -16.18153
   2      0.23932      6.51219
   3      0.77153     20.99446
   4      1.30981     35.64170
   5      1.95922     53.31303
   6      1.95922     53.31303
   7      2.70459     73.59567
   8      2.93015     79.73353
   9      2.93015     79.73353
  10      4.53025    123.27450
 
 
    Nucleus-Nucleus [Ha]:     0.7142857143
    Kinetic Energy  [Ha]:     1.1275379657
    Nucleus Energy  [Ha]:    -3.6293581488
    Hartree Energy  [Ha]:     1.3125002429
    Exchange Energy [Ha]:    -0.6562501207
 
    Total Energy    [Ha]:    -1.1312843467
 
 convergence criterium on the density matrix  4.072997988728195E-008
  ===> convergence not reached yet
 

-------------------------------------------
 *** SCF cycle No:   10

 
 HOMO energy    [Ha]:      -0.594660
 LUMO energy    [Ha]:       0.239318
 HOMO-LUMO gap  [Ha]:       0.833978
 
 A Pulay mixing of the density matrix is used

 alpha DIIS:      1.048008     -0.041320     -0.006961      0.000207      0.000061      0.000005
 DIIS predicted residual  3.895114624277921E-008
 
 Diagonalization for spin polarization           1

 === Energies ===
   #       [Ha]         [eV]      
   1     -0.59466    -16.18153
   2      0.23932      6.51219
   3      0.77153     20.99446
   4      1.30981     35.64170
   5      1.95922     53.31303
   6      1.95922     53.31303
   7      2.70459     73.59567
   8      2.93015     79.73353
   9      2.93015     79.73353
  10      4.53025    123.27450
 
 
    Nucleus-Nucleus [Ha]:     0.7142857143
    Kinetic Energy  [Ha]:     1.1275379788
    Nucleus Energy  [Ha]:    -3.6293581664
    Hartree Energy  [Ha]:     1.3125002518
    Exchange Energy [Ha]:    -0.6562501251
 
    Total Energy    [Ha]:    -1.1312843466
 
 convergence criterium on the density matrix  1.485807473220141E-008
  ===> convergence not reached yet
 

-------------------------------------------
 *** SCF cycle No:   11

 
 HOMO energy    [Ha]:      -0.594660
 LUMO energy    [Ha]:       0.239318
 HOMO-LUMO gap  [Ha]:       0.833978
 
 A Pulay mixing of the density matrix is used

 alpha DIIS:      1.548450     -0.563978      0.013204      0.002411     -0.000063     -0.000024
 DIIS predicted residual  4.436446269780231E-009
 
 Diagonalization for spin polarization           1

 === Energies ===
   #       [Ha]         [eV]      
   1     -0.59466    -16.18153
   2      0.23932      6.51219
   3      0.77153     20.99446
   4      1.30981     35.64170
   5      1.95922     53.31303
   6      1.95922     53.31303
   7      2.70459     73.59567
   8      2.93015     79.73353
   9      2.93015     79.73353
  10      4.53025    123.27450
 
 
    Nucleus-Nucleus [Ha]:     0.7142857143
    Kinetic Energy  [Ha]:     1.1275379852
    Nucleus Energy  [Ha]:    -3.6293581766
    Hartree Energy  [Ha]:     1.3125002568
    Exchange Energy [Ha]:    -0.6562501281
 
    Total Energy    [Ha]:    -1.1312843484
 
 convergence criterium on the density matrix  1.414945926257033E-009
  ===> convergence has been reached
 
 ==================================================
 The SCF loop ends here
 ==================================================
 
 
 Enter full CI subroutine
 
 obtain the one-electron Hamiltonian in the HF basis
 calculate spin singlet state
 
 CI matrix lower than         190  x          190
 
 CI matrix finally is         190  x          190
 Single determinant ground state energy [Ha]  -1.13128434930059     
 starting the diago
 diago DONE
 
 normalization  0.999999999999999     
   1    0.9923  0.0000  0.0000  0.0000  0.0082  0.0000  0.0000  0.0000  0.0000  0.0000  0.0000  0.0000  0.0033  0.0000  0.0000  0.0000  0.0000  0.0000  0.0000  0.0000
 
  CI ground-state energy [Ha]:     -1.16515344
      correlation energy [Ha]:     -0.03386909
 
 
 calculate the density
CI calculation stops here
